FAIL	.out [setup failed]
go : # .out
At line:1 char:1
+ go test -short -coverprofile=coverage_now.out ./internal/... 2>&1 | T ...
+ ~~~~~~~~~~~~~~~~~~~~~~~~~~~~~~~~~~~~~~~~~~~~~~~~~~~~~~~~~~~~~~~~~
    + CategoryInfo          : NotSpecified: (# .out:String) [], RemoteException
    + FullyQualifiedErrorId : NativeCommandError
 
no required module provides package .out; to add it:
	go get .out
ok  	github.com/yourusername/golang/internal/application/patterns	(cached)	coverage: 100.0% of statements
ok  	github.com/yourusername/golang/internal/application/user	(cached)	coverage: 100.0% of statements
ok  	github.com/yourusername/golang/internal/application/workflow	(cached)	coverage: 17.1% of statements
ok  	github.com/yourusername/golang/internal/config	(cached)	coverage: 85.6% of statements
ok  	github.com/yourusername/golang/internal/domain/interfaces	(cached)	coverage: 100.0% of statements
ok  	github.com/yourusername/golang/internal/domain/user	(cached)	coverage: 100.0% of statements
ok  	github.com/yourusername/golang/internal/domain/user/specifications	(cached)	coverage: 100.0% of statements
ok  	github.com/yourusername/golang/internal/framework/logger	(cached)	coverage: 100.0% of statements
ok  	github.com/yourusername/golang/internal/infrastructure/cache/redis	(cached)	coverage: 44.4% of statements
ok  	github.com/yourusername/golang/internal/infrastructure/database/ent	(cached)	coverage: 55.4% of statements
	github.com/yourusername/golang/internal/infrastructure/database/ent/enttest		coverage: 0.0% of statements
ok  	github.com/yourusername/golang/internal/infrastructure/database/ent/hook	(cached)	coverage: 31.2% of statements
ok  	github.com/yourusername/golang/internal/infrastructure/database/ent/migrate	(cached)	coverage: 0.0% of statements
?   	github.com/yourusername/golang/internal/infrastructure/database/ent/predicate	[no test files]
ok  	github.com/yourusername/golang/internal/infrastructure/database/ent/repository	(cached)	coverage: 94.3% of statements
?   	github.com/yourusername/golang/internal/infrastructure/database/ent/runtime	[no test files]
ok  	github.com/yourusername/golang/internal/infrastructure/database/ent/schema	(cached)	coverage: 100.0% of statements
	github.com/yourusername/golang/internal/infrastructure/database/ent/user		coverage: 0.0% of statements
ok  	github.com/yourusername/golang/internal/infrastructure/database/postgres	(cached)	coverage: 100.0% of statements
ok  	github.com/yourusername/golang/internal/infrastructure/database/sqlite3	(cached)	coverage: 95.2% of statements
ok  	github.com/yourusername/golang/internal/infrastructure/messaging/kafka	(cached)	coverage: 44.2% of statements
ok  	github.com/yourusername/golang/internal/infrastructure/messaging/mqtt	(cached)	coverage: 0.0% of statements
ok  	github.com/yourusername/golang/internal/infrastructure/messaging/nats	(cached)	coverage: 16.7% of statements
ok  	github.com/yourusername/golang/internal/infrastructure/observability/ebpf	(cached)	coverage: 100.0% of statements
ok  	github.com/yourusername/golang/internal/infrastructure/observability/otlp	(cached)	coverage: 88.0% of statements
ok  	github.com/yourusername/golang/internal/infrastructure/repository	(cached)	coverage: 78.0% of statements
ok  	github.com/yourusername/golang/internal/infrastructure/workflow/temporal	(cached)	coverage: 87.5% of statements
ok  	github.com/yourusername/golang/internal/interfaces/graphql	(cached)	coverage: 78.0% of statements
ok  	github.com/yourusername/golang/internal/interfaces/grpc	(cached)	coverage: 18.9% of statements
ok  	github.com/yourusername/golang/internal/interfaces/grpc/handlers	(cached)	coverage: 79.1% of statements
ok  	github.com/yourusername/golang/internal/interfaces/grpc/interceptors	(cached)	coverage: 30.0% of statements
	github.com/yourusername/golang/internal/interfaces/grpc/proto/healthpb		coverage: 0.0% of statements
	github.com/yourusername/golang/internal/interfaces/grpc/proto/userpb		coverage: 0.0% of statements
ok  	github.com/yourusername/golang/internal/interfaces/http/chi	(cached)	coverage: 25.0% of statements
ok  	github.com/yourusername/golang/internal/interfaces/http/chi/handlers	(cached)	coverage: 95.6% of statements
ok  	github.com/yourusername/golang/internal/interfaces/http/chi/middleware	(cached)	coverage: 47.9% of statements
ok  	github.com/yourusername/golang/internal/interfaces/http/handler	(cached)	coverage: [no statements]
ok  	github.com/yourusername/golang/internal/interfaces/http/openapi	(cached)	coverage: 92.9% of statements
ok  	github.com/yourusername/golang/internal/interfaces/workflow/temporal	(cached)	coverage: 40.9% of statements
ok  	github.com/yourusername/golang/internal/security/abac	(cached)	coverage: 36.2% of statements
ok  	github.com/yourusername/golang/internal/security/vault	(cached)	coverage: 1.5% of statements
FAIL
